#,,,,,,,,,,,,,,,,,,,,,,,,,,,,,,,,,,,,,,,,,,,,,,,"generated_by='OpenQuake engine 3.13.0-gitef28ce3be1', start_date='2021-11-05T10:24:15', checksum=1758247745, kind='mean', investigation_time=1.0, imt='SA(0.2)'"
lon,lat,depth,poe-0.0050000,poe-0.0057376,poe-0.0065840,poe-0.0075552,poe-0.0086698,poe-0.0099487,poe-0.0114163,poe-0.0131004,poe-0.0150330,poe-0.0172506,poe-0.0197953,poe-0.0227155,poe-0.0260664,poe-0.0299117,poe-0.0343242,poe-0.0393876,poe-0.0451980,poe-0.0518655,poe-0.0595165,poe-0.0682963,poe-0.0783711,poe-0.0899323,poe-0.1031988,poe-0.1184225,poe-0.1358919,poe-0.1559383,poe-0.1789419,poe-0.2053390,poe-0.2356300,poe-0.2703896,poe-0.3102768,poe-0.3560480,poe-0.4085713,poe-0.4688427,poe-0.5380052,poe-0.6173704,poe-0.7084434,poe-0.8129511,poe-0.9328756,poe-1.0704911,poe-1.2284072,poe-1.4096188,poe-1.6175622,poe-1.8561809,poe-2.1300000
1.00000,0.10000,0.00000,3.989106E-02,3.989106E-02,3.989106E-02,3.989106E-02,3.989106E-02,3.989106E-02,3.989106E-02,3.989097E-02,3.988924E-02,3.988254E-02,3.986521E-02,3.982783E-02,3.975481E-02,3.961794E-02,3.938400E-02,3.900985E-02,3.844376E-02,3.762434E-02,3.648782E-02,3.497723E-02,3.305313E-02,3.070468E-02,2.795863E-02,2.488352E-02,2.158706E-02,1.820613E-02,1.489042E-02,1.178296E-02,9.001527E-03,6.625080E-03,4.687901E-03,3.181964E-03,2.065922E-03,1.277772E-03,7.483566E-04,4.107734E-04,2.070720E-04,9.166967E-05,3.190175E-05,7.604218E-06,5.652453E-07,0.000000E+00,0.000000E+00,0.000000E+00,0.000000E+00
